(;GM[1]FF[4]CA[UTF-8]AP[CGoban:3]ST[2]
RU[Chinese]SZ[19]KM[7.50]
PW[White]PB[Black]
(;B[aa]
;AE[aa]
;AW[cc][dc][ec][fc][gc][hc][ic][jc][kc][lc][mc][nc][oc][pc][qc][cd][hd][ld][qd][ce][he][le][qe][cf][hf][lf][qf][cg][hg][lg][qg][ch][hh][lh][qh][ci][hi][li][qi][cj][hj][lj][qj][ck][hk][lk][qk][cl][hl][ll][ql][cm][hm][lm][qm][cn][hn][ln][qn][co][fo][go][ho][lo][mo][no][qo][cp][fp][hp][lp][np][qp][cq][dq][eq][fq][gq][hq][lq][mq][nq][oq][pq][qq]AB[aa][ba][ca][da][ea][fa][ga][ha][ia][ja][ka][la][ma][na][oa][pa][qa][ra][sa][ab][sb][ac][sc][ad][ed][fd][nd][od][sd][ae][de][ge][je][me][pe][se][af][df][gf][jf][mf][pf][sf][ag][dg][gg][jg][mg][pg][sg][ah][dh][gh][jh][mh][ph][sh][ai][di][gi][ji][mi][pi][si][aj][dj][gj][jj][mj][pj][sj][ak][dk][gk][jk][mk][pk][sk][al][dl][gl][jl][ml][pl][sl][am][dm][gm][jm][mm][pm][sm][an][en][fn][jn][nn][on][sn][ao][eo][jo][oo][so][ap][ep][jp][op][sp][aq][iq][jq][kq][sq][ar][ir][kr][sr][as][bs][cs][ds][es][fs][gs][hs][is][ks][ls][ms][ns][os][ps][qs][rs][ss]PL[B]
;B[jd]C[WHITEWIN])
(;B[ba]
;AE[ba]
;AW[cc][dc][ec][fc][gc][hc][ic][jc][kc][lc][mc][nc][oc][pc][qc][cd][hd][ld][qd][ce][he][le][qe][cf][hf][lf][qf][cg][hg][lg][qg][ch][hh][lh][qh][ci][ei][fi][hi][li][ni][oi][qi][cj][hj][lj][qj][ck][hk][lk][qk][cl][hl][ll][ql][cm][hm][lm][qm][cn][hn][ln][qn][co][fo][go][ho][lo][mo][no][qo][cp][fp][hp][lp][np][qp][cq][dq][eq][fq][gq][hq][lq][mq][nq][oq][pq][qq]AB[aa][ba][ca][da][ea][fa][ga][ha][ia][ja][ka][la][ma][na][oa][pa][qa][ra][sa][ab][sb][ac][sc][ad][ed][fd][nd][od][sd][ae][de][ge][je][me][pe][se][af][df][gf][jf][mf][pf][sf][ag][dg][eg][fg][gg][jg][mg][ng][og][pg][sg][ah][jh][sh][ai][ji][si][aj][dj][ej][fj][gj][jj][mj][nj][oj][pj][sj][ak][dk][gk][jk][mk][pk][sk][al][dl][gl][jl][ml][pl][sl][am][dm][gm][jm][mm][pm][sm][an][en][fn][jn][nn][on][sn][ao][eo][jo][oo][so][ap][ep][jp][op][sp][aq][iq][jq][kq][sq][ar][ir][kr][sr][as][bs][cs][ds][es][fs][gs][hs][is][ks][ls][ms][ns][os][ps][qs][rs][ss]PL[B]
;B[jd]C[WHITEWIN])
(;B[ca]
;AE[ca]
;AW[ib][kb][cc][dc][ec][fc][gc][hc][ic][jc][kc][lc][mc][nc][oc][pc][qc][cd][hd][id][kd][ld][qd][ce][he][ie][ke][le][qe][cf][hf][if][jf][kf][lf][qf][cg][hg][lg][qg][ch][hh][lh][qh][ci][di][ei][fi][gi][hi][li][mi][ni][oi][pi][qi][cj][hj][lj][qj][ck][hk][lk][qk][cl][hl][ll][ql][cm][hm][lm][qm][cn][hn][ln][qn][co][ho][lo][qo][cp][dp][ep][fp][gp][hp][lp][mp][np][op][pp][qp][ar][br][cr][dr][er][fr][gr][hr][ir][jr][kr][lr][mr][nr][or][pr][qr][rr][sr]AB[aa][ba][ca][da][ea][fa][ga][ha][ia][ja][ka][la][ma][na][oa][pa][qa][ra][sa][ab][jb][sb][ac][sc][ad][ed][fd][nd][od][sd][ae][de][ge][me][pe][se][af][df][gf][mf][pf][sf][ag][dg][gg][mg][pg][sg][ah][dh][eh][fh][gh][jh][mh][nh][oh][ph][sh][ai][ji][si][aj][dj][ej][fj][gj][jj][mj][nj][oj][pj][sj][ak][dk][gk][jk][mk][pk][sk][al][dl][gl][jl][ml][pl][sl][am][dm][gm][jm][mm][pm][sm][an][dn][gn][jn][mn][pn][sn][ao][eo][fo][jo][no][oo][so][ap][ip][kp][sp][aq][bq][cq][dq][eq][fq][gq][hq][iq][jq][kq][lq][mq][nq][oq][pq][qq][rq][sq]PL[B]
;B[jg]C[BLACKWIN])
(;B[da]
;AE[da]
;AW[ib][kb][cc][dc][ec][fc][gc][hc][ic][jc][kc][lc][mc][nc][oc][pc][qc][cd][hd][id][kd][ld][qd][ce][he][ie][ke][le][qe][bf][cf][hf][if][jf][kf][lf][qf][rf][cg][hg][lg][qg][ch][hh][lh][qh][bi][ci][di][ei][fi][gi][hi][li][mi][ni][oi][pi][qi][ri][bj][cj][dj][ej][fj][gj][hj][lj][mj][nj][oj][pj][qj][rj][ck][hk][lk][qk][cl][hl][ll][ql][bm][cm][hm][lm][qm][rm][cn][hn][ln][qn][co][ho][lo][qo][bp][cp][dp][ep][fp][gp][hp][lp][mp][np][op][pp][qp][rp][ar][br][cr][dr][er][fr][gr][hr][ir][jr][kr][lr][mr][nr][or][pr][qr][rr][sr]AB[aa][ba][ca][da][ea][fa][ga][ha][ia][ja][ka][la][ma][na][oa][pa][qa][ra][sa][ab][jb][sb][ac][sc][ad][ed][fd][nd][od][sd][ae][de][ge][me][pe][se][af][df][gf][mf][pf][sf][ag][dg][gg][mg][pg][sg][ah][dh][eh][fh][gh][jh][mh][nh][oh][ph][sh][ai][ji][si][aj][jj][sj][ak][dk][ek][fk][gk][jk][mk][nk][ok][pk][sk][al][dl][gl][jl][ml][pl][sl][am][dm][gm][jm][mm][pm][sm][an][dn][gn][jn][mn][pn][sn][ao][eo][fo][jo][no][oo][so][ap][ip][kp][sp][aq][bq][cq][dq][eq][fq][gq][hq][iq][jq][kq][lq][mq][nq][oq][pq][qq][rq][sq]PL[B]
;B[jg]C[WHITEWIN])
(;B[ea]
;AE[ea]
;AW[jb][kb][lb][mb][nb][rb][ec][fc][pc][qc][dd][fd][gd][hd][id][kd][ld][rd][de][ee][ie][ke][me][ne][oe][pe][re][rf][dg][eg][og][pg][kh][lh][mh][bi][ei][ki][oi][pi][bj][dj][ej][kj][pj][qj][rj][bk][ek][kk][lk][mk][pk][cl][fl][hl][kl][pl][bm][cm][fm][gm][im][km][lm][om][qm][hn][in][jn][kn][on][pn][qn][co][ko][lo][mo][no][po][dp][fp][lp][pp][eq][fq][hq][lq][gr][ir][lr][hs][ks]AB[eb][fb][cc][dc][gc][hc][ic][jc][kc][lc][mc][bd][nd][od][pd][qd][fe][he][qe][cf][ff][hf][if][jf][kf][lf][mf][nf][qf][cg][fg][ng][qg][rg][ch][gh][jh][nh][qh][ci][gi][ji][li][ni][ri][cj][fj][jj][lj][nj][oj][ck][gk][ik][ok][bl][dl][gl][il][jl][ml][ol][ql][rl][em][mm][nm][rm][en][fn][ln][mn][rn][go][ho][io][qo][ep][jp][kp][op][qp][iq][nq][pq][jr][mr][or][js]PL[B]
;B[dk]C[WHITEWIN])
(;B[fa]
;AE[fa]
;AW[ea][eb][jb][kb][lb][mb][nb][rb][ec][oc][pc][qc][dd][fd][gd][hd][id][kd][ld][rd][de][ee][ie][ke][me][ne][oe][pe][re][bf][rf][bg][dg][eg][og][pg][bh][kh][lh][mh][bi][ei][ki][oi][pi][bj][dj][ej][kj][pj][qj][rj][bk][ek][kk][lk][mk][pk][cl][fl][hl][kl][ll][pl][bm][cm][fm][gm][im][jm][lm][om][qm][hn][in][jn][kn][on][pn][qn][co][ko][lo][mo][no][po][dp][fp][lp][pp][eq][fq][hq][lq][gr][ir][lr][hs][ks]AB[bb][db][fb][ib][cc][dc][fc][gc][hc][ic][jc][kc][lc][mc][bd][nd][od][pd][qd][ce][fe][he][qe][cf][ff][hf][if][jf][kf][lf][mf][nf][qf][cg][fg][ng][qg][rg][sg][ch][gh][jh][nh][qh][ci][gi][ji][li][ni][ri][cj][fj][jj][lj][nj][oj][ck][dk][gk][ik][ok][bl][dl][gl][il][jl][ml][ol][ql][rl][em][mm][nm][rm][en][fn][ln][mn][rn][go][ho][io][qo][ep][jp][kp][op][qp][iq][nq][pq][jr][mr][or][js]PL[B]
;B[ja]C[BLACKWIN])
(;B[ga]
;AE[ga]
;AW[dd][ed][fd][gd][hd][id][jd][kd][ld][md][nd][od][pd][qd][ce][qe][re][cf][rf][cg][eg][ig][kg][pg][rg][ch][fh][hh][lh][mh][nh][oh][rh][ci][fi][hi][li][oi][ri][cj][fj][gj][hj][lj][mj][nj][oj][rj][ck][fk][hk][rk][cl][fl][hl][ll][ml][rl][cm][fm][hm][nm][om][rm][cn][fn][hn][rn][co][fo][go][ho][lo][mo][no][oo][ro][ap][cp][fp][hp][lp][op][rp][cq][fq][hq][lq][mq][nq][oq][rq][br][cr][er][ir][kr][pr][rr]AB[kb][cc][dc][ec][fc][gc][hc][ic][lc][nc][oc][pc][qc][rc][rd][be][se][bf][df][ef][ff][gf][hf][if][jf][kf][lf][mf][nf][of][pf][qf][sf][bg][dg][gg][jg][qg][dh][gh][jh][qh][bi][di][gi][ji][qi][bj][dj][ej][ij][jj][qj][dk][jk][nk][qk][dl][jl][ol][pl][ql][dm][jm][km][lm][qm][dn][jn][mn][qn][do][eo][io][jo][qo][dp][gp][jp][qp][dq][gq][jq][qq][ar][dr][gr][jr][qr][bs][cs][es][fs][gs][hs][is][ks][ls][ms][ns][os][ps][rs]PL[B]
;B[bh]C[WHITEWIN])
(;B[ha]
;AE[ha]
;AW[dd][ed][fd][gd][hd][id][jd][kd][ld][md][nd][od][pd][qd][ce][ke][qe][re][cf][rf][cg][eg][ig][kg][pg][rg][ch][fh][hh][lh][mh][nh][oh][rh][ci][fi][hi][li][oi][ri][cj][fj][gj][hj][lj][mj][nj][oj][rj][ck][fk][hk][rk][cl][fl][hl][ll][ml][rl][cm][fm][hm][nm][om][rm][cn][fn][hn][rn][co][fo][go][ho][lo][mo][no][oo][ro][ap][cp][fp][hp][lp][op][rp][cq][fq][hq][lq][mq][nq][oq][rq][br][cr][er][ir][kr][pr][rr]AB[kb][cc][dc][ec][fc][gc][hc][ic][lc][nc][oc][pc][qc][rc][rd][be][ie][je][se][bf][df][ef][ff][gf][hf][if][kf][lf][mf][nf][of][pf][qf][sf][bg][dg][gg][jg][qg][dh][gh][jh][qh][bi][di][gi][ji][qi][bj][dj][ej][ij][jj][qj][dk][jk][nk][qk][dl][jl][ol][pl][ql][dm][jm][km][lm][qm][dn][jn][mn][qn][do][eo][io][jo][qo][dp][gp][jp][qp][dq][gq][jq][qq][ar][dr][gr][jr][qr][bs][cs][es][fs][gs][hs][is][ks][ls][ms][ns][os][ps][rs]PL[B]
;B[bh]C[BLACKWIN])
(;B[ia]
;AE[ia]
;AW[fa][na][db][fb][gb][jb][mb][nb][pb][cc][dc][gc][jc][mc][pc][qc][bd][cd][gd][jd][md][qd][rd][ge][je][me][af][bf][gf][jf][mf][rf][sf][bg][cg][dg][eg][fg][gg][jg][mg][ng][og][pg][qg][rg][jh][ii][ji][ki][bj][cj][dj][ej][fj][gj][hj][ij][kj][lj][mj][nj][oj][pj][qj][rj][ik][jk][kk][jl][bm][cm][dm][em][fm][gm][jm][mm][nm][om][pm][qm][rm][an][bn][gn][jn][mn][rn][sn][go][jo][mo][bp][cp][gp][jp][mp][qp][rp][cq][dq][gq][jq][mq][pq][qq][dr][fr][gr][jr][mr][nr][pr][fs][ns]AB[ba][ca][ja][qa][ra][ab][cb][hb][ib][kb][lb][qb][sb][ac][bc][fc][hc][lc][nc][rc][sc][hd][ld][he][le][cf][hf][lf][qf][hg][lg][bh][ch][dh][eh][fh][gh][hh][lh][mh][nh][oh][ph][qh][rh][bi][ri][aj][bk][rk][bl][cl][dl][el][fl][gl][hl][ll][ml][nl][ol][pl][ql][rl][hm][lm][cn][hn][ln][qn][ho][lo][hp][lp][aq][bq][fq][hq][lq][nq][rq][sq][ar][cr][hr][ir][kr][lr][qr][sr][bs][cs][js][qs][rs]PL[B]
;B[sj]C[BLACKWIN])
(;B[ja]
;AE[ja]
;AW[fa][na][db][fb][gb][jb][mb][nb][pb][cc][dc][gc][jc][mc][pc][qc][bd][cd][gd][jd][md][qd][rd][ge][je][me][af][bf][gf][jf][mf][rf][sf][bg][cg][dg][eg][fg][gg][jg][mg][ng][og][pg][qg][rg][jh][ii][ji][ki][bj][cj][dj][ej][fj][gj][hj][ij][kj][lj][mj][nj][oj][pj][qj][rj][ik][jk][kk][jl][bm][cm][dm][em][fm][gm][jm][mm][nm][om][pm][qm][rm][an][bn][gn][jn][mn][rn][sn][go][jo][mo][bp][cp][gp][jp][mp][qp][rp][cq][dq][gq][jq][mq][pq][qq][dr][fr][gr][jr][mr][nr][pr][fs][ns]AB[ba][ca][ia][ja][ka][qa][ra][ab][cb][hb][ib][kb][lb][qb][sb][ac][bc][fc][hc][lc][nc][rc][sc][hd][ld][he][le][cf][hf][lf][qf][hg][lg][bh][ch][dh][eh][fh][gh][hh][lh][mh][nh][oh][ph][qh][rh][bi][ri][si][aj][bk][rk][sk][bl][cl][dl][el][fl][gl][hl][ll][ml][nl][ol][pl][ql][rl][hm][lm][cn][hn][ln][qn][ho][lo][hp][lp][aq][bq][fq][hq][lq][nq][rq][sq][ar][cr][hr][ir][kr][lr][qr][sr][bs][cs][is][js][ks][qs][rs]PL[B]
;B[sj]C[WHITEWIN])
(;B[ka]
;AE[ka]
;AW[fa][na][db][fb][gb][jb][mb][nb][pb][cc][dc][gc][jc][mc][pc][qc][bd][cd][gd][jd][md][qd][rd][ge][je][me][af][bf][gf][jf][mf][rf][sf][bg][cg][dg][eg][fg][gg][jg][mg][ng][og][pg][qg][rg][jh][ii][ji][bj][cj][dj][ej][fj][gj][hj][ij][kj][lj][mj][nj][oj][pj][qj][rj][jk][kk][jl][bm][cm][dm][em][fm][gm][jm][mm][nm][om][pm][qm][rm][an][bn][gn][jn][mn][rn][sn][go][jo][mo][bp][cp][gp][jp][mp][qp][rp][cq][dq][gq][jq][mq][pq][qq][dr][fr][gr][jr][mr][nr][pr][fs][ns]AB[ba][ca][ia][ja][ka][qa][ra][ab][cb][hb][ib][kb][lb][qb][sb][ac][bc][fc][hc][lc][nc][rc][sc][hd][ld][he][le][cf][hf][lf][qf][hg][lg][bh][ch][dh][eh][fh][gh][hh][lh][mh][nh][oh][ph][qh][rh][bi][ki][ri][si][aj][bk][ik][rk][sk][bl][cl][dl][el][fl][gl][hl][ll][ml][nl][ol][pl][ql][rl][hm][lm][cn][hn][ln][qn][ho][lo][hp][lp][aq][bq][fq][hq][lq][nq][rq][sq][ar][cr][hr][ir][kr][lr][qr][sr][bs][cs][is][js][ks][qs][rs]PL[B]
;B[sj]C[BLACKWIN])
(;B[la]
;AE[la]
;AW[fa][na][db][fb][gb][jb][mb][nb][pb][cc][dc][gc][jc][mc][pc][qc][bd][cd][gd][jd][md][qd][rd][ge][je][me][af][bf][gf][jf][mf][rf][sf][bg][cg][dg][eg][fg][gg][jg][mg][ng][og][pg][qg][rg][jh][ii][ji][bj][cj][dj][ej][fj][gj][hj][ij][kj][lj][mj][nj][oj][pj][qj][rj][jk][kk][jl][bm][cm][dm][em][fm][gm][jm][mm][nm][om][pm][qm][rm][an][bn][gn][jn][mn][rn][sn][go][jo][mo][bp][cp][gp][jp][mp][qp][rp][cq][dq][gq][jq][mq][pq][qq][dr][fr][gr][jr][mr][nr][pr][fs][ns]AB[ba][ca][ia][ja][ka][qa][ra][ab][cb][hb][ib][kb][lb][qb][sb][ac][bc][fc][hc][lc][nc][rc][sc][hd][ld][he][le][cf][hf][lf][qf][hg][lg][bh][ch][dh][eh][fh][gh][hh][lh][mh][nh][oh][ph][qh][rh][ai][bi][ki][ri][si][aj][ak][bk][ik][rk][sk][bl][cl][dl][el][fl][gl][hl][ll][ml][nl][ol][pl][ql][rl][hm][lm][cn][hn][ln][qn][ho][lo][hp][lp][aq][bq][fq][hq][lq][nq][rq][sq][ar][cr][hr][ir][kr][lr][qr][sr][bs][cs][is][js][ks][qs][rs]PL[B]
;B[sj]C[WHITEWIN])
(;B[ma]
;AE[ma]
;AW[ja][ib][kb][fc][gc][hc][ic][jc][kc][lc][mc][nc][fd][nd][fe][ne][cf][df][ef][ff][nf][of][pf][qf][cg][qg][ch][qh][ci][qi][cj][qj][ck][qk][cl][ql][cm][qm][cn][dn][en][fn][nn][on][pn][qn][fo][no][fp][np][fq][gq][hq][iq][jq][kq][lq][mq][nq]AB[ea][ha][la][oa][eb][ob][cc][ec][oc][qc][ed][od][ae][be][ce][de][ee][he][ie][je][ke][le][oe][pe][qe][re][se][hf][if][jf][kf][lf][hg][ig][jg][kg][lg][eh][fh][gh][hh][ih][jh][kh][lh][mh][nh][oh][ai][ei][fi][gi][hi][ii][ji][ki][li][mi][ni][oi][si][aj][ej][fj][gj][hj][ij][kj][lj][mj][nj][oj][sj][ak][ek][fk][gk][hk][ik][jk][kk][lk][mk][nk][ok][sk][el][fl][gl][hl][il][jl][kl][ll][ml][nl][ol][hm][im][jm][km][lm][hn][in][jn][kn][ln][ao][bo][co][do][eo][ho][io][jo][ko][lo][oo][po][qo][ro][so][ep][op][cq][eq][oq][er][or][es][is][js][ks][os]PL[B]
;B[qq]C[BLACKWIN])
(;B[na]
;AE[na]
;AW[ja][ib][kb][fc][gc][hc][ic][jc][kc][lc][mc][nc][fd][nd][fe][ne][cf][df][ef][ff][nf][of][pf][qf][cg][qg][ch][qh][ci][qi][cj][qj][ck][qk][cl][ql][cm][qm][cn][dn][en][fn][nn][on][pn][qn][fo][no][fp][np][fq][gq][hq][iq][jq][kq][lq][mq][nq]AB[ea][ha][la][oa][eb][ob][cc][ec][oc][qc][ed][od][ae][be][ce][de][ee][he][ie][je][ke][le][oe][pe][qe][re][se][hf][if][jf][kf][lf][hg][ig][jg][kg][lg][eh][fh][gh][hh][ih][jh][kh][lh][mh][nh][oh][ai][ei][fi][gi][hi][ii][ji][ki][li][mi][ni][oi][si][aj][ej][fj][gj][hj][ij][jj][kj][lj][mj][nj][oj][sj][ak][ek][fk][gk][hk][ik][jk][kk][lk][mk][nk][ok][sk][el][fl][gl][hl][il][jl][kl][ll][ml][nl][ol][hm][im][jm][km][lm][hn][in][jn][kn][ln][ao][bo][co][do][eo][ho][io][jo][ko][lo][oo][po][qo][ro][so][ep][op][cq][eq][oq][er][or][es][is][js][ks][os]PL[B]
;B[qq]C[WHITEWIN]))
